1
dependNode			|	MFnDependencyNode
dagNode				| 	MFnDagNode
transform			| 	MFnTransform
mesh				| 	MFnMesh
camera				| 	MFnCamera
objectSet			| 	MFnSet

attribute			| 	MFnAttribute
unitAttribute		|	MFnUnitAttribute
typedAttribute		|	MFnTypedAttribute
numericAttribute	| 	MFnNumericAttribute
messageAttribute	| 	MFnMessageAttribute
matrixAttribute		| 	MFnMatrixAttribute
lightDataAttribute	| 	MFnLightDataAttribute
genericAttribute	| 	MFnGenericAttribute
enumAttribute		| 	MFnEnumAttribute
compoundAttribute	|	MFnCompoundAttribute

data				|	MFnData
vectorArrayData		| 	MFnVectorArrayData
uInt64ArrayData		|	MFnUInt64ArrayData
stringData			| 	MFnStringData
stringArrayData		| 	MFnStringArrayData
sphereData			| 	MFnSphereData
pointArrayData		|	MFnPointArrayData
pluginData			| 	MFnPluginData
numericData			| 	MFnNumericData
nObjectData			|	MFnNObjectData
matrixData			| 	MFnMatrixData
intArrayData		|	MFnIntArrayData
geometryData		|	MFnGeometryData
subdData			|	MFnSubdData
nurbsSurfaceData	|	MFnNurbsSurfaceData
nurbsCurveData		|	MFnNurbsCurveData
meshData			|	MFnMeshData
latticeData			| 	MFnLatticeData
dynSweptGeometryData		| MFnDynSweptGeometryData
doubleArrayData		|	MFnDoubleArrayData
componentListData	|	MFnComponentListData
arrayAttrsData		|	MFnArrayAttrsData
